// Jest Snapshot v1, https://goo.gl/fbAQLP

exports[`CounterButton testing renders CounterButton component properly 1`] = `1`;
